// Jest Snapshot v1, https://goo.gl/fbAQLP

exports[`matches snapshot 1`] = `
<button
  className="ant-btn ant-btn-primary"
  data-testid="button"
  onClick={[Function]}
  type="button"
>
  <span>
    save
  </span>
</button>
`;
